###############################################################################
#
# IAR ELF Linker V9.10.1.308/W64 for ARM                  15/Dec/2024  16:02:17
# Copyright 2007-2021 IAR Systems AB.
#
#    Output file  =
#        C:\Users\Asus\OneDrive - Faculty of Engineering Ain Shams
#        University\Desktop\COURSES\Senior-1\Semester 7\CSE211 Intro to
#        ES\ARM_Workspace\SmartHomeProject\Debug\Exe\SmartHomeProject.out
#    Map file     =
#        C:\Users\Asus\OneDrive - Faculty of Engineering Ain Shams
#        University\Desktop\COURSES\Senior-1\Semester 7\CSE211 Intro to
#        ES\ARM_Workspace\SmartHomeProject\Debug\List\SmartHomeProject.map
#    Command line =
#        -f "C:\Users\Asus\OneDrive - Faculty of Engineering Ain Shams
#        University\Desktop\COURSES\Senior-1\Semester 7\CSE211 Intro to
#        ES\ARM_Workspace\SmartHomeProject\Debug\Exe\SmartHomeProject.out.rsp"
#        ("C:\Users\Asus\OneDrive - Faculty of Engineering Ain Shams
#        University\Desktop\COURSES\Senior-1\Semester 7\CSE211 Intro to
#        ES\ARM_Workspace\SmartHomeProject\Debug\Obj\BUZZER.o"
#        "C:\Users\Asus\OneDrive - Faculty of Engineering Ain Shams
#        University\Desktop\COURSES\Senior-1\Semester 7\CSE211 Intro to
#        ES\ARM_Workspace\SmartHomeProject\Debug\Obj\DIO.o"
#        "C:\Users\Asus\OneDrive - Faculty of Engineering Ain Shams
#        University\Desktop\COURSES\Senior-1\Semester 7\CSE211 Intro to
#        ES\ARM_Workspace\SmartHomeProject\Debug\Obj\DOOR_SWITCH_LAMP.o"
#        "C:\Users\Asus\OneDrive - Faculty of Engineering Ain Shams
#        University\Desktop\COURSES\Senior-1\Semester 7\CSE211 Intro to
#        ES\ARM_Workspace\SmartHomeProject\Debug\Obj\LED.o"
#        "C:\Users\Asus\OneDrive - Faculty of Engineering Ain Shams
#        University\Desktop\COURSES\Senior-1\Semester 7\CSE211 Intro to
#        ES\ARM_Workspace\SmartHomeProject\Debug\Obj\main.o"
#        "C:\Users\Asus\OneDrive - Faculty of Engineering Ain Shams
#        University\Desktop\COURSES\Senior-1\Semester 7\CSE211 Intro to
#        ES\ARM_Workspace\SmartHomeProject\Debug\Obj\RELAY.o"
#        "C:\Users\Asus\OneDrive - Faculty of Engineering Ain Shams
#        University\Desktop\COURSES\Senior-1\Semester 7\CSE211 Intro to
#        ES\ARM_Workspace\SmartHomeProject\Debug\Obj\startup_ewarm.o"
#        "C:\Users\Asus\OneDrive - Faculty of Engineering Ain Shams
#        University\Desktop\COURSES\Senior-1\Semester 7\CSE211 Intro to
#        ES\ARM_Workspace\SmartHomeProject\Debug\Obj\SYS_TICK_program.o"
#        "C:\Users\Asus\OneDrive - Faculty of Engineering Ain Shams
#        University\Desktop\COURSES\Senior-1\Semester 7\CSE211 Intro to
#        ES\ARM_Workspace\SmartHomeProject\Debug\Obj\TEMP_SENSOR.o"
#        "C:\Users\Asus\OneDrive - Faculty of Engineering Ain Shams
#        University\Desktop\COURSES\Senior-1\Semester 7\CSE211 Intro to
#        ES\ARM_Workspace\SmartHomeProject\Debug\Obj\UART.o" --no_out_extension
#        -o "C:\Users\Asus\OneDrive - Faculty of Engineering Ain Shams
#        University\Desktop\COURSES\Senior-1\Semester 7\CSE211 Intro to
#        ES\ARM_Workspace\SmartHomeProject\Debug\Exe\SmartHomeProject.out"
#        --redirect _Printf=_PrintfFullNoMb --redirect _Scanf=_ScanfFullNoMb
#        --map "C:\Users\Asus\OneDrive - Faculty of Engineering Ain Shams
#        University\Desktop\COURSES\Senior-1\Semester 7\CSE211 Intro to
#        ES\ARM_Workspace\SmartHomeProject\Debug\List\SmartHomeProject.map"
#        --config "C:\Program Files\IAR Systems\Embedded Workbench
#        9.0\arm\config\linker\TexasInstruments\TM4C123GH6.icf" --semihosting
#        C:\ti\TivaWare_C_Series-2.2.0.295\driverlib\ewarm\Exe\driverlib.a
#        --entry __iar_program_start --vfe --text_out locale)
#
###############################################################################

*******************************************************************************
*** RUNTIME MODEL ATTRIBUTES
***

CppFlavor       = *
__SystemLibrary = DLib
__dlib_version  = 6


*******************************************************************************
*** HEAP SELECTION
***

The basic heap was selected because no calls to memory allocation
functions were found in the application outside of system library
functions, and there are calls to deallocation functions in the
application.


*******************************************************************************
*** PLACEMENT SUMMARY
***

"A0":  place at address 0x0 { ro section .intvec };
"P1":  place in [from 0x0 to 0x3'ffff] { ro };
define block CSTACK with size = 4K, alignment = 8 { };
define block HEAP with size = 8K, alignment = 8 { };
"P2":  place in [from 0x2000'0000 to 0x2000'7fff] {
          rw, block CSTACK, block HEAP };
do not initialize { rw section .noinit };

  Section          Kind         Address   Size  Object
  -------          ----         -------   ----  ------
"A0":                                    0x26c
  .intvec          const            0x0  0x26c  startup_ewarm.o [1]
                                - 0x26c  0x26c

"P1":                                    0xc38
  .text            ro code        0x26c  0x246  DblDiv.o [3]
  .text            ro code        0x4b4  0x1aa  DblMul.o [3]
  .text            ro code        0x660  0x16c  DIO.o [1]
  .text            ro code        0x7cc  0x13c  UART.o [1]
  .text            ro code        0x908  0x12c  main.o [1]
  .text            ro code        0xa34   0x6a  LED.o [1]
  .text            ro code        0xaa0  0x128  DOOR_SWITCH_LAMP.o [1]
  .text            ro code        0xbc8  0x128  TEMP_SENSOR.o [1]
  .text            ro code        0xcf0   0x1c  U32ToDbl.o [3]
  .text            ro code        0xd0c   0x68  DblToFlt.o [3]
  .text            ro code        0xd74   0x38  zero_init3.o [4]
  .text            ro code        0xdac   0x28  data_init.o [4]
  .text            ro code        0xdd4   0x22  fpinit_M.o [3]
  .iar.init_table  const          0xdf8   0x10  - Linker created -
  .text            ro code        0xe08   0x1e  startup_ewarm.o [1]
  .text            ro code        0xe28   0x1c  cstartup_M.o [4]
  .text            ro code        0xe44   0x1e  cmain.o [4]
  .text            ro code        0xe62    0x4  low_level_init.o [2]
  .text            ro code        0xe66    0x4  exit.o [2]
  .text            ro code        0xe6c    0xa  cexit.o [4]
  .text            ro code        0xe78   0x14  exit.o [5]
  .text            ro code        0xe8c   0x18  SYS_TICK_program.o [1]
  .rodata          const          0xea4    0x0  zero_init3.o [4]
                                - 0xea4  0xc38

"P2", part 1 of 2:                        0x18
  .bss             zero     0x2000'0000    0x4  DOOR_SWITCH_LAMP.o [1]
  .bss             zero     0x2000'0004    0x4  DOOR_SWITCH_LAMP.o [1]
  .bss             zero     0x2000'0008    0x4  SYS_TICK_program.o [1]
  .bss             zero     0x2000'000c    0x4  TEMP_SENSOR.o [1]
  .bss             zero     0x2000'0010    0x4  UART.o [1]
  .bss             zero     0x2000'0014    0x1  main.o [1]
                          - 0x2000'0015   0x15

"P2", part 2 of 2:                       0x200
  .noinit          uninit   0x2000'0018  0x200  startup_ewarm.o [1]
                          - 0x2000'0218  0x200

Unused ranges:

         From           To      Size
         ----           --      ----
        0xea4     0x3'ffff  0x3'f15c
  0x2000'0218  0x2000'7fff    0x7de8


*******************************************************************************
*** INIT TABLE
***

          Address      Size
          -------      ----
Zero (__iar_zero_init3)
    1 destination range, total size 0x15:
          0x2000'0000  0x15



*******************************************************************************
*** MODULE SUMMARY
***

    Module              ro code  ro data  rw data
    ------              -------  -------  -------
command line/config:
    ---------------------------------------------
    Total:

C:\Users\Asus\OneDrive - Faculty of Engineering Ain Shams University\Desktop\COURSES\Senior-1\Semester 7\CSE211 Intro to ES\ARM_Workspace\SmartHomeProject\Debug\Obj: [1]
    DIO.o                   364
    DOOR_SWITCH_LAMP.o      296                 8
    LED.o                   106
    SYS_TICK_program.o       24                 4
    TEMP_SENSOR.o           296                 4
    UART.o                  316                 4
    main.o                  300                 1
    startup_ewarm.o          30      620      512
    ---------------------------------------------
    Total:                1'732      620      533

dl7M_tln.a: [2]
    exit.o                    4
    low_level_init.o          4
    ---------------------------------------------
    Total:                    8

m7M_tls.a: [3]
    DblDiv.o                582
    DblMul.o                426
    DblToFlt.o              104
    U32ToDbl.o               28
    fpinit_M.o               34
    ---------------------------------------------
    Total:                1'174

rt7M_tl.a: [4]
    cexit.o                  10
    cmain.o                  30
    cstartup_M.o             28
    data_init.o              40
    zero_init3.o             56
    ---------------------------------------------
    Total:                  164

shb_l.a: [5]
    exit.o                   20
    ---------------------------------------------
    Total:                   20

    Gaps                     12        2
    Linker created                    16
-------------------------------------------------
    Grand Total:          3'110      638      533


*******************************************************************************
*** ENTRY LIST
***

Entry                       Address   Size  Type      Object
-----                       -------   ----  ----      ------
.iar.init_table$$Base         0xdf8          --   Gb  - Linker created -
.iar.init_table$$Limit        0xe08          --   Gb  - Linker created -
?main                         0xe45         Code  Gb  cmain.o [4]
ADC0Seq3_Handler              0xc5d   0x4c  Code  Gb  TEMP_SENSOR.o [1]
ADC_Init                      0xbc9   0x92  Code  Gb  TEMP_SENSOR.o [1]
DOOR_Callback           0x2000'0004    0x4  Data  Lc  DOOR_SWITCH_LAMP.o [1]
DOOR_Callback                 0x909   0x1e  Code  Gb  main.o [1]
DOOR_Init                     0xb03   0x50  Code  Gb  DOOR_SWITCH_LAMP.o [1]
FaultISR                      0xe23    0x2  Code  Lc  startup_ewarm.o [1]
GPIOF_Handler                 0xb53   0x48  Code  Gb  DOOR_SWITCH_LAMP.o [1]
IntDefaultHandler             0xe25    0x2  Code  Lc  startup_ewarm.o [1]
LED_Init                      0xa35    0xe  Code  Gb  LED.o [1]
LED_Off                       0xa61   0x20  Code  Gb  LED.o [1]
LED_On                        0xa43   0x1e  Code  Gb  LED.o [1]
LED_Toggle                    0xa81   0x1e  Code  Gb  LED.o [1]
NmiSR                         0xe21    0x2  Code  Lc  startup_ewarm.o [1]
Region$$Table$$Base           0xdf8          --   Gb  - Linker created -
Region$$Table$$Limit          0xe08          --   Gb  - Linker created -
ResetISR                      0xe09   0x14  Code  Gb  startup_ewarm.o [1]
SWITCH_LAMP_Callback    0x2000'0000    0x4  Data  Lc  DOOR_SWITCH_LAMP.o [1]
SWITCH_LAMP_Callback          0x931   0x1e  Code  Gb  main.o [1]
SWITCH_LAMP_Init              0xaa1   0x62  Code  Gb  DOOR_SWITCH_LAMP.o [1]
SysTick_Callback        0x2000'0008    0x4  Data  Lc  SYS_TICK_program.o [1]
SysTick_Handler               0xe8d   0x12  Code  Gb  SYS_TICK_program.o [1]
TEMP_Callback           0x2000'000c    0x4  Data  Lc  TEMP_SENSOR.o [1]
Temperature_Callback          0x951   0x34  Code  Gb  main.o [1]
UART0_Callback                0x927    0xa  Code  Gb  main.o [1]
UART0_Callback          0x2000'0010    0x4  Data  Lc  UART.o [1]
UART0_Handler                 0x891   0x26  Code  Gb  UART.o [1]
UART0_Init                    0x7cd   0xb4  Code  Gb  UART.o [1]
UART0_TransmitChar            0x881   0x10  Code  Gb  UART.o [1]
__aeabi_d2f                   0xd0d         Code  Gb  DblToFlt.o [3]
__aeabi_ddiv                  0x26d         Code  Gb  DblDiv.o [3]
__aeabi_dmul                  0x4b5         Code  Gb  DblMul.o [3]
__aeabi_ui2d                  0xcf1         Code  Gb  U32ToDbl.o [3]
__cmain                       0xe45         Code  Gb  cmain.o [4]
__exit                        0xe79   0x14  Code  Gb  exit.o [5]
__iar_data_init3              0xdad   0x28  Code  Gb  data_init.o [4]
__iar_init_vfp                0xdd5         Code  Gb  fpinit_M.o [3]
__iar_program_start           0xe29         Code  Gb  cstartup_M.o [4]
__iar_zero_init3              0xd75   0x38  Code  Gb  zero_init3.o [4]
__low_level_init              0xe63    0x4  Code  Gb  low_level_init.o [2]
__vector_table                  0x0  0x26c  Data  Gb  startup_ewarm.o [1]
_call_main                    0xe51         Code  Gb  cmain.o [4]
_exit                         0xe6d         Code  Gb  cexit.o [4]
dio_init                      0x661   0xce  Code  Gb  DIO.o [1]
dio_readport                  0x72f   0x42  Code  Gb  DIO.o [1]
dio_writeport                 0x771   0x40  Code  Gb  DIO.o [1]
exit                          0xe67    0x4  Code  Gb  exit.o [2]
main                          0x985   0x8e  Code  Gb  main.o [1]
pui32Stack              0x2000'0018  0x200  Data  Lc  startup_ewarm.o [1]
received_char           0x2000'0014    0x1  Data  Gb  main.o [1]


[1] = C:\Users\Asus\OneDrive - Faculty of Engineering Ain Shams University\Desktop\COURSES\Senior-1\Semester 7\CSE211 Intro to ES\ARM_Workspace\SmartHomeProject\Debug\Obj
[2] = dl7M_tln.a
[3] = m7M_tls.a
[4] = rt7M_tl.a
[5] = shb_l.a

  3'110 bytes of readonly  code memory
    638 bytes of readonly  data memory
    533 bytes of readwrite data memory

Errors: none
Warnings: none
