###############################################################################
#
# IAR ELF Linker V9.10.1.308/W64 for ARM                  18/Dec/2024  16:59:17
# Copyright 2007-2021 IAR Systems AB.
#
#    Output file  =
#        C:\Users\Asus\OneDrive - Faculty of Engineering Ain Shams
#        University\Desktop\COURSES\Senior-1\Semester 7\CSE211 Intro to
#        ES\ARM_Workspace\SmartHomeProject\Debug\Exe\SmartHomeProject.out
#    Map file     =
#        C:\Users\Asus\OneDrive - Faculty of Engineering Ain Shams
#        University\Desktop\COURSES\Senior-1\Semester 7\CSE211 Intro to
#        ES\ARM_Workspace\SmartHomeProject\Debug\List\SmartHomeProject.map
#    Command line =
#        -f "C:\Users\Asus\OneDrive - Faculty of Engineering Ain Shams
#        University\Desktop\COURSES\Senior-1\Semester 7\CSE211 Intro to
#        ES\ARM_Workspace\SmartHomeProject\Debug\Exe\SmartHomeProject.out.rsp"
#        ("C:\Users\Asus\OneDrive - Faculty of Engineering Ain Shams
#        University\Desktop\COURSES\Senior-1\Semester 7\CSE211 Intro to
#        ES\ARM_Workspace\SmartHomeProject\Debug\Obj\ADC.o"
#        "C:\Users\Asus\OneDrive - Faculty of Engineering Ain Shams
#        University\Desktop\COURSES\Senior-1\Semester 7\CSE211 Intro to
#        ES\ARM_Workspace\SmartHomeProject\Debug\Obj\BUZZER.o"
#        "C:\Users\Asus\OneDrive - Faculty of Engineering Ain Shams
#        University\Desktop\COURSES\Senior-1\Semester 7\CSE211 Intro to
#        ES\ARM_Workspace\SmartHomeProject\Debug\Obj\DIO.o"
#        "C:\Users\Asus\OneDrive - Faculty of Engineering Ain Shams
#        University\Desktop\COURSES\Senior-1\Semester 7\CSE211 Intro to
#        ES\ARM_Workspace\SmartHomeProject\Debug\Obj\DOOR_SWITCH_LAMP.o"
#        "C:\Users\Asus\OneDrive - Faculty of Engineering Ain Shams
#        University\Desktop\COURSES\Senior-1\Semester 7\CSE211 Intro to
#        ES\ARM_Workspace\SmartHomeProject\Debug\Obj\LED.o"
#        "C:\Users\Asus\OneDrive - Faculty of Engineering Ain Shams
#        University\Desktop\COURSES\Senior-1\Semester 7\CSE211 Intro to
#        ES\ARM_Workspace\SmartHomeProject\Debug\Obj\main.o"
#        "C:\Users\Asus\OneDrive - Faculty of Engineering Ain Shams
#        University\Desktop\COURSES\Senior-1\Semester 7\CSE211 Intro to
#        ES\ARM_Workspace\SmartHomeProject\Debug\Obj\RELAY.o"
#        "C:\Users\Asus\OneDrive - Faculty of Engineering Ain Shams
#        University\Desktop\COURSES\Senior-1\Semester 7\CSE211 Intro to
#        ES\ARM_Workspace\SmartHomeProject\Debug\Obj\startup_ewarm.o"
#        "C:\Users\Asus\OneDrive - Faculty of Engineering Ain Shams
#        University\Desktop\COURSES\Senior-1\Semester 7\CSE211 Intro to
#        ES\ARM_Workspace\SmartHomeProject\Debug\Obj\SYS_TICK_program.o"
#        "C:\Users\Asus\OneDrive - Faculty of Engineering Ain Shams
#        University\Desktop\COURSES\Senior-1\Semester 7\CSE211 Intro to
#        ES\ARM_Workspace\SmartHomeProject\Debug\Obj\UART.o" --no_out_extension
#        -o "C:\Users\Asus\OneDrive - Faculty of Engineering Ain Shams
#        University\Desktop\COURSES\Senior-1\Semester 7\CSE211 Intro to
#        ES\ARM_Workspace\SmartHomeProject\Debug\Exe\SmartHomeProject.out"
#        --redirect _Printf=_PrintfFullNoMb --redirect _Scanf=_ScanfFullNoMb
#        --map "C:\Users\Asus\OneDrive - Faculty of Engineering Ain Shams
#        University\Desktop\COURSES\Senior-1\Semester 7\CSE211 Intro to
#        ES\ARM_Workspace\SmartHomeProject\Debug\List\SmartHomeProject.map"
#        --config "C:\Program Files\IAR Systems\Embedded Workbench
#        9.0\arm\config\linker\TexasInstruments\TM4C123GH6.icf" --semihosting
#        C:\ti\TivaWare_C_Series-2.2.0.295\driverlib\ewarm\Exe\driverlib.a
#        --entry __iar_program_start --vfe --text_out locale)
#
###############################################################################

*******************************************************************************
*** RUNTIME MODEL ATTRIBUTES
***

CppFlavor       = *
__SystemLibrary = DLib
__dlib_version  = 6


*******************************************************************************
*** HEAP SELECTION
***

The basic heap was selected because no calls to memory allocation
functions were found in the application outside of system library
functions, and there are calls to deallocation functions in the
application.


*******************************************************************************
*** PLACEMENT SUMMARY
***

"A0":  place at address 0x0 { ro section .intvec };
"P1":  place in [from 0x0 to 0x3'ffff] { ro };
define block CSTACK with size = 4K, alignment = 8 { };
define block HEAP with size = 8K, alignment = 8 { };
"P2":  place in [from 0x2000'0000 to 0x2000'7fff] {
          rw, block CSTACK, block HEAP };
do not initialize { rw section .noinit };

  Section          Kind         Address   Size  Object
  -------          ----         -------   ----  ------
"A0":                                    0x26c
  .intvec          const            0x0  0x26c  startup_ewarm.o [1]
                                - 0x26c  0x26c

"P1":                                    0x76c
  .text            ro code        0x26c  0x180  DOOR_SWITCH_LAMP.o [1]
  .text            ro code        0x3ec  0x14c  DIO.o [1]
  .text            ro code        0x538  0x13c  UART.o [1]
  .text            ro code        0x674  0x11c  main.o [1]
  .text            ro code        0x790   0x36  RELAY.o [1]
  .text            ro code        0x7c8   0xac  ADC.o [1]
  .text            ro code        0x874    0xe  BUZZER.o [1]
  .text            ro code        0x884   0x3c  SYS_TICK_program.o [1]
  .text            ro code        0x8c0   0x38  zero_init3.o [4]
  .text            ro code        0x8f8   0x28  data_init.o [4]
  .text            ro code        0x920   0x22  fpinit_M.o [3]
  .iar.init_table  const          0x944   0x10  - Linker created -
  .text            ro code        0x954   0x1e  startup_ewarm.o [1]
  .text            ro code        0x974   0x1c  cstartup_M.o [4]
  .text            ro code        0x990   0x1e  cmain.o [4]
  .text            ro code        0x9ae    0x4  low_level_init.o [2]
  .text            ro code        0x9b2    0x4  exit.o [2]
  .text            ro code        0x9b8    0xa  cexit.o [4]
  .text            ro code        0x9c4   0x14  exit.o [5]
  .rodata          const          0x9d8    0x0  zero_init3.o [4]
                                - 0x9d8  0x76c

"P2", part 1 of 2:                        0x14
  .bss             zero     0x2000'0000    0x4  DOOR_SWITCH_LAMP.o [1]
  .bss             zero     0x2000'0004    0x4  DOOR_SWITCH_LAMP.o [1]
  .bss             zero     0x2000'0008    0x4  SYS_TICK_program.o [1]
  .bss             zero     0x2000'000c    0x4  UART.o [1]
  .bss             zero     0x2000'0010    0x1  main.o [1]
  .bss             zero     0x2000'0011    0x1  main.o [1]
  .bss             zero     0x2000'0012    0x1  main.o [1]
  .bss             zero     0x2000'0013    0x1  main.o [1]
                          - 0x2000'0014   0x14

"P2", part 2 of 2:                       0x200
  .noinit          uninit   0x2000'0014  0x200  startup_ewarm.o [1]
                          - 0x2000'0214  0x200

Unused ranges:

         From           To      Size
         ----           --      ----
        0x9d8     0x3'ffff  0x3'f628
  0x2000'0214  0x2000'7fff    0x7dec


*******************************************************************************
*** INIT TABLE
***

          Address      Size
          -------      ----
Zero (__iar_zero_init3)
    1 destination range, total size 0x14:
          0x2000'0000  0x14



*******************************************************************************
*** MODULE SUMMARY
***

    Module              ro code  ro data  rw data
    ------              -------  -------  -------
command line/config:
    ---------------------------------------------
    Total:

C:\Users\Asus\OneDrive - Faculty of Engineering Ain Shams University\Desktop\COURSES\Senior-1\Semester 7\CSE211 Intro to ES\ARM_Workspace\SmartHomeProject\Debug\Obj: [1]
    ADC.o                   172
    BUZZER.o                 14
    DIO.o                   332
    DOOR_SWITCH_LAMP.o      384                 8
    RELAY.o                  54
    SYS_TICK_program.o       60                 4
    UART.o                  316                 4
    main.o                  284                 4
    startup_ewarm.o          30      620      512
    ---------------------------------------------
    Total:                1'646      620      532

dl7M_tln.a: [2]
    exit.o                    4
    low_level_init.o          4
    ---------------------------------------------
    Total:                    8

m7M_tls.a: [3]
    fpinit_M.o               34
    ---------------------------------------------
    Total:                   34

rt7M_tl.a: [4]
    cexit.o                  10
    cmain.o                  30
    cstartup_M.o             28
    data_init.o              40
    zero_init3.o             56
    ---------------------------------------------
    Total:                  164

shb_l.a: [5]
    exit.o                   20
    ---------------------------------------------
    Total:                   20

    Gaps                     10        2
    Linker created                    16
-------------------------------------------------
    Grand Total:          1'882      638      532


*******************************************************************************
*** ENTRY LIST
***

Entry                       Address   Size  Type      Object
-----                       -------   ----  ----      ------
.iar.init_table$$Base         0x944          --   Gb  - Linker created -
.iar.init_table$$Limit        0x954          --   Gb  - Linker created -
?main                         0x991         Code  Gb  cmain.o [4]
ADC1_Init                     0x7c9   0x84  Code  Gb  ADC.o [1]
BUZZER_Init                   0x875    0xe  Code  Gb  BUZZER.o [1]
DOOR_Callback           0x2000'0004    0x4  Data  Lc  DOOR_SWITCH_LAMP.o [1]
DOOR_Callback                 0x675   0x1a  Code  Gb  main.o [1]
DOOR_Init                     0x2db   0x6e  Code  Gb  DOOR_SWITCH_LAMP.o [1]
FaultISR                      0x96f    0x2  Code  Lc  startup_ewarm.o [1]
GPIOF_Handler                 0x349   0x74  Code  Gb  DOOR_SWITCH_LAMP.o [1]
IntDefaultHandler             0x971    0x2  Code  Lc  startup_ewarm.o [1]
LAMP_STATUS             0x2000'0011    0x1  Data  Gb  main.o [1]
LAMP_SWITCH             0x2000'0012    0x1  Data  Gb  main.o [1]
LAMP_UART               0x2000'0013    0x1  Data  Gb  main.o [1]
NmiSR                         0x96d    0x2  Code  Lc  startup_ewarm.o [1]
Region$$Table$$Base           0x944          --   Gb  - Linker created -
Region$$Table$$Limit          0x954          --   Gb  - Linker created -
Relay_Control                 0x79f   0x28  Code  Gb  RELAY.o [1]
Relay_Init                    0x791    0xe  Code  Gb  RELAY.o [1]
ResetISR                      0x955   0x14  Code  Gb  startup_ewarm.o [1]
SWITCH_LAMP_Callback    0x2000'0000    0x4  Data  Lc  DOOR_SWITCH_LAMP.o [1]
SWITCH_LAMP_Callback          0x699   0x18  Code  Gb  main.o [1]
SWITCH_LAMP_Init              0x26d   0x6e  Code  Gb  DOOR_SWITCH_LAMP.o [1]
SysTick_Callback        0x2000'0008    0x4  Data  Lc  SYS_TICK_program.o [1]
SysTick_Handler               0x89d   0x12  Code  Gb  SYS_TICK_program.o [1]
SysTick_Init                  0x885   0x18  Code  Gb  SYS_TICK_program.o [1]
UART0_Callback                0x68f    0xa  Code  Gb  main.o [1]
UART0_Callback          0x2000'000c    0x4  Data  Lc  UART.o [1]
UART0_Handler                 0x5fd   0x26  Code  Gb  UART.o [1]
UART0_Init                    0x539   0xb4  Code  Gb  UART.o [1]
UART0_TransmitChar            0x5ed   0x10  Code  Gb  UART.o [1]
__cmain                       0x991         Code  Gb  cmain.o [4]
__exit                        0x9c5   0x14  Code  Gb  exit.o [5]
__iar_data_init3              0x8f9   0x28  Code  Gb  data_init.o [4]
__iar_init_vfp                0x921         Code  Gb  fpinit_M.o [3]
__iar_program_start           0x975         Code  Gb  cstartup_M.o [4]
__iar_zero_init3              0x8c1   0x38  Code  Gb  zero_init3.o [4]
__low_level_init              0x9af    0x4  Code  Gb  low_level_init.o [2]
__vector_table                  0x0  0x26c  Data  Gb  startup_ewarm.o [1]
_call_main                    0x99d         Code  Gb  cmain.o [4]
_exit                         0x9b9         Code  Gb  cexit.o [4]
dio_init                      0x3ed   0xce  Code  Gb  DIO.o [1]
dio_writepin                  0x4bb   0x62  Code  Gb  DIO.o [1]
exit                          0x9b3    0x4  Code  Gb  exit.o [2]
main                          0x6b1   0xbc  Code  Gb  main.o [1]
pui32Stack              0x2000'0014  0x200  Data  Lc  startup_ewarm.o [1]
received_char           0x2000'0010    0x1  Data  Gb  main.o [1]


[1] = C:\Users\Asus\OneDrive - Faculty of Engineering Ain Shams University\Desktop\COURSES\Senior-1\Semester 7\CSE211 Intro to ES\ARM_Workspace\SmartHomeProject\Debug\Obj
[2] = dl7M_tln.a
[3] = m7M_tls.a
[4] = rt7M_tl.a
[5] = shb_l.a

  1'882 bytes of readonly  code memory
    638 bytes of readonly  data memory
    532 bytes of readwrite data memory

Errors: none
Warnings: none
