###############################################################################
#
# IAR ELF Linker V9.10.1.308/W64 for ARM                  19/Dec/2024  13:46:20
# Copyright 2007-2021 IAR Systems AB.
#
#    Output file  =
#        C:\Users\Asus\OneDrive - Faculty of Engineering Ain Shams
#        University\Desktop\COURSES\Senior-1\Semester 7\CSE211 Intro to
#        ES\ARM_Workspace\SmartHomeProject\Debug\Exe\SmartHomeProject.out
#    Map file     =
#        C:\Users\Asus\OneDrive - Faculty of Engineering Ain Shams
#        University\Desktop\COURSES\Senior-1\Semester 7\CSE211 Intro to
#        ES\ARM_Workspace\SmartHomeProject\Debug\List\SmartHomeProject.map
#    Command line =
#        -f "C:\Users\Asus\OneDrive - Faculty of Engineering Ain Shams
#        University\Desktop\COURSES\Senior-1\Semester 7\CSE211 Intro to
#        ES\ARM_Workspace\SmartHomeProject\Debug\Exe\SmartHomeProject.out.rsp"
#        ("C:\Users\Asus\OneDrive - Faculty of Engineering Ain Shams
#        University\Desktop\COURSES\Senior-1\Semester 7\CSE211 Intro to
#        ES\ARM_Workspace\SmartHomeProject\Debug\Obj\ADC.o"
#        "C:\Users\Asus\OneDrive - Faculty of Engineering Ain Shams
#        University\Desktop\COURSES\Senior-1\Semester 7\CSE211 Intro to
#        ES\ARM_Workspace\SmartHomeProject\Debug\Obj\BUZZER.o"
#        "C:\Users\Asus\OneDrive - Faculty of Engineering Ain Shams
#        University\Desktop\COURSES\Senior-1\Semester 7\CSE211 Intro to
#        ES\ARM_Workspace\SmartHomeProject\Debug\Obj\DIO.o"
#        "C:\Users\Asus\OneDrive - Faculty of Engineering Ain Shams
#        University\Desktop\COURSES\Senior-1\Semester 7\CSE211 Intro to
#        ES\ARM_Workspace\SmartHomeProject\Debug\Obj\DOOR_SWITCH_LAMP.o"
#        "C:\Users\Asus\OneDrive - Faculty of Engineering Ain Shams
#        University\Desktop\COURSES\Senior-1\Semester 7\CSE211 Intro to
#        ES\ARM_Workspace\SmartHomeProject\Debug\Obj\LED.o"
#        "C:\Users\Asus\OneDrive - Faculty of Engineering Ain Shams
#        University\Desktop\COURSES\Senior-1\Semester 7\CSE211 Intro to
#        ES\ARM_Workspace\SmartHomeProject\Debug\Obj\main.o"
#        "C:\Users\Asus\OneDrive - Faculty of Engineering Ain Shams
#        University\Desktop\COURSES\Senior-1\Semester 7\CSE211 Intro to
#        ES\ARM_Workspace\SmartHomeProject\Debug\Obj\RELAY.o"
#        "C:\Users\Asus\OneDrive - Faculty of Engineering Ain Shams
#        University\Desktop\COURSES\Senior-1\Semester 7\CSE211 Intro to
#        ES\ARM_Workspace\SmartHomeProject\Debug\Obj\startup_ewarm.o"
#        "C:\Users\Asus\OneDrive - Faculty of Engineering Ain Shams
#        University\Desktop\COURSES\Senior-1\Semester 7\CSE211 Intro to
#        ES\ARM_Workspace\SmartHomeProject\Debug\Obj\SYS_TICK_program.o"
#        "C:\Users\Asus\OneDrive - Faculty of Engineering Ain Shams
#        University\Desktop\COURSES\Senior-1\Semester 7\CSE211 Intro to
#        ES\ARM_Workspace\SmartHomeProject\Debug\Obj\UART.o" --no_out_extension
#        -o "C:\Users\Asus\OneDrive - Faculty of Engineering Ain Shams
#        University\Desktop\COURSES\Senior-1\Semester 7\CSE211 Intro to
#        ES\ARM_Workspace\SmartHomeProject\Debug\Exe\SmartHomeProject.out"
#        --redirect _Printf=_PrintfFullNoMb --redirect _Scanf=_ScanfFullNoMb
#        --map "C:\Users\Asus\OneDrive - Faculty of Engineering Ain Shams
#        University\Desktop\COURSES\Senior-1\Semester 7\CSE211 Intro to
#        ES\ARM_Workspace\SmartHomeProject\Debug\List\SmartHomeProject.map"
#        --config "C:\Program Files\IAR Systems\Embedded Workbench
#        9.0\arm\config\linker\TexasInstruments\TM4C123GH6.icf" --semihosting
#        C:\ti\TivaWare_C_Series-2.2.0.295\driverlib\ewarm\Exe\driverlib.a
#        --entry __iar_program_start --vfe --text_out locale)
#
###############################################################################

*******************************************************************************
*** RUNTIME MODEL ATTRIBUTES
***

CppFlavor       = *
__SystemLibrary = DLib
__dlib_version  = 6


*******************************************************************************
*** HEAP SELECTION
***

The basic heap was selected because no calls to memory allocation
functions were found in the application outside of system library
functions, and there are calls to deallocation functions in the
application.


*******************************************************************************
*** PLACEMENT SUMMARY
***

"A0":  place at address 0x0 { ro section .intvec };
"P1":  place in [from 0x0 to 0x3'ffff] { ro };
define block CSTACK with size = 4K, alignment = 8 { };
define block HEAP with size = 8K, alignment = 8 { };
"P2":  place in [from 0x2000'0000 to 0x2000'7fff] {
          rw, block CSTACK, block HEAP };
do not initialize { rw section .noinit };

  Section          Kind         Address    Size  Object
  -------          ----         -------    ----  ------
"A0":                                     0x26c
  .intvec          const            0x0   0x26c  startup_ewarm.o [1]
                                - 0x26c   0x26c

"P1":                                    0x2594
  .text            ro code        0x26c   0xf16  xprintffull_nomb.o [2]
  .text            ro code       0x1182     0xa  xsprout.o [2]
  .text            ro code       0x118c    0x16  strchr.o [4]
  .text            ro code       0x11a4    0x40  xfail_s.o [2]
  .text            ro code       0x11e4    0x36  strlen.o [4]
  .text            ro code       0x121c    0x58  memchr.o [4]
  .text            ro code       0x1274    0x76  ABImemcpy_unaligned.o [4]
  .text            ro code       0x12ec    0x70  frexp.o [3]
  .text            ro code       0x135c    0x34  DblCmpLe.o [3]
  .text            ro code       0x1390    0x34  DblCmpGe.o [3]
  .text            ro code       0x13c4   0x13a  ldexp.o [3]
  .text            ro code       0x1500    0x36  DblToS32.o [3]
  .text            ro code       0x1538    0x22  S32ToDbl.o [3]
  .text            ro code       0x155c   0x24e  DblAddSub.o [3]
  .text            ro code       0x17ac   0x246  DblDiv.o [3]
  .text            ro code       0x19f4    0x22  DblToU32.o [3]
  .text            ro code       0x1a18    0x1c  U32ToDbl.o [3]
  .text            ro code       0x1a34   0x1aa  DblMul.o [3]
  .text            ro code       0x1be0   0x230  I64DivMod.o [4]
  .text            ro code       0x1e10     0x6  abort.o [2]
  .text            ro code       0x1e18     0x2  I64DivZer.o [4]
  .text            ro code       0x1e1c    0x14  exit.o [5]
  .text            ro code       0x1e30   0x1b8  DIO.o [1]
  .text            ro code       0x1fe8   0x180  DOOR_SWITCH_LAMP.o [1]
  .text            ro code       0x2168   0x17c  main.o [1]
  .text            ro code       0x22e4   0x140  ADC.o [1]
  .text            ro code       0x2424    0x48  FltToDbl.o [3]
  .text            ro code       0x246c    0x40  sprintf.o [2]
  .text            ro code       0x24ac   0x150  UART.o [1]
  .text            ro code       0x25fc    0x34  BUZZER.o [1]
  .text            ro code       0x2630    0x1c  RELAY.o [1]
  .text            ro code       0x264c    0x68  DblToFlt.o [3]
  .text            ro code       0x26b4    0x40  SYS_TICK_program.o [1]
  .text            ro code       0x26f4    0x38  zero_init3.o [4]
  .text            ro code       0x272c    0x28  data_init.o [4]
  .text            ro code       0x2754    0x22  fpinit_M.o [3]
  .iar.init_table  const         0x2778    0x10  - Linker created -
  .text            ro code       0x2788    0x1e  startup_ewarm.o [1]
  .text            ro code       0x27a8    0x1c  cstartup_M.o [4]
  .text            ro code       0x27c4    0x1e  cmain.o [4]
  .text            ro code       0x27e2     0x4  low_level_init.o [2]
  .text            ro code       0x27e6     0x4  exit.o [2]
  .text            ro code       0x27ec     0xa  cexit.o [4]
  .rodata          const         0x27f8     0x8  main.o [1]
  .rodata          const         0x2800     0x0  zero_init3.o [4]
                               - 0x2800  0x2594

"P2", part 1 of 2:                         0x18
  .bss             zero     0x2000'0000     0x4  DOOR_SWITCH_LAMP.o [1]
  .bss             zero     0x2000'0004     0x4  DOOR_SWITCH_LAMP.o [1]
  .bss             zero     0x2000'0008     0x4  SYS_TICK_program.o [1]
  .bss             zero     0x2000'000c     0x4  UART.o [1]
  .bss             zero     0x2000'0010     0x4  xfail_s.o [2]
  .bss             zero     0x2000'0014     0x1  main.o [1]
  .bss             zero     0x2000'0015     0x1  main.o [1]
  .bss             zero     0x2000'0016     0x1  main.o [1]
  .bss             zero     0x2000'0017     0x1  main.o [1]
                          - 0x2000'0018    0x18

"P2", part 2 of 2:                        0x200
  .noinit          uninit   0x2000'0018   0x200  startup_ewarm.o [1]
                          - 0x2000'0218   0x200

Unused ranges:

         From           To      Size
         ----           --      ----
       0x2800     0x3'ffff  0x3'd800
  0x2000'0218  0x2000'7fff    0x7de8


*******************************************************************************
*** INIT TABLE
***

          Address      Size
          -------      ----
Zero (__iar_zero_init3)
    1 destination range, total size 0x18:
          0x2000'0000  0x18



*******************************************************************************
*** MODULE SUMMARY
***

    Module                 ro code  ro data  rw data
    ------                 -------  -------  -------
command line/config:
    ------------------------------------------------
    Total:

C:\Users\Asus\OneDrive - Faculty of Engineering Ain Shams University\Desktop\COURSES\Senior-1\Semester 7\CSE211 Intro to ES\ARM_Workspace\SmartHomeProject\Debug\Obj: [1]
    ADC.o                      320
    BUZZER.o                    52
    DIO.o                      440
    DOOR_SWITCH_LAMP.o         384                 8
    RELAY.o                     28
    SYS_TICK_program.o          64                 4
    UART.o                     336                 4
    main.o                     380        8        4
    startup_ewarm.o             30      620      512
    ------------------------------------------------
    Total:                   2'034      628      532

dl7M_tln.a: [2]
    abort.o                      6
    exit.o                       4
    low_level_init.o             4
    sprintf.o                   64
    xfail_s.o                   64                 4
    xprintffull_nomb.o       3'862
    xsprout.o                   10
    ------------------------------------------------
    Total:                   4'014                 4

m7M_tls.a: [3]
    DblAddSub.o                590
    DblCmpGe.o                  52
    DblCmpLe.o                  52
    DblDiv.o                   582
    DblMul.o                   426
    DblToFlt.o                 104
    DblToS32.o                  54
    DblToU32.o                  34
    FltToDbl.o                  72
    S32ToDbl.o                  34
    U32ToDbl.o                  28
    fpinit_M.o                  34
    frexp.o                    112
    ldexp.o                    314
    ------------------------------------------------
    Total:                   2'488

rt7M_tl.a: [4]
    ABImemcpy_unaligned.o      118
    I64DivMod.o                560
    I64DivZer.o                  2
    cexit.o                     10
    cmain.o                     30
    cstartup_M.o                28
    data_init.o                 40
    memchr.o                    88
    strchr.o                    22
    strlen.o                    54
    zero_init3.o                56
    ------------------------------------------------
    Total:                   1'008

shb_l.a: [5]
    exit.o                      20
    ------------------------------------------------
    Total:                      20

    Gaps                        28        4
    Linker created                       16
----------------------------------------------------
    Grand Total:             9'592      648      536


*******************************************************************************
*** ENTRY LIST
***

Entry                       Address   Size  Type      Object
-----                       -------   ----  ----      ------
.iar.init_table$$Base        0x2778          --   Gb  - Linker created -
.iar.init_table$$Limit       0x2788          --   Gb  - Linker created -
?main                        0x27c5         Code  Gb  cmain.o [4]
ADC1_Init                    0x22e5   0x98  Code  Gb  ADC.o [1]
ADC1_ReadValue               0x237d   0x20  Code  Gb  ADC.o [1]
ADC_To_Temperature           0x239d   0x3a  Code  Gb  ADC.o [1]
BUZZER_Control               0x2621   0x10  Code  Gb  BUZZER.o [1]
BUZZER_Init                  0x25fd   0x1e  Code  Gb  BUZZER.o [1]
BUZZER_SYSTICK_Callback
                             0x2169   0x5e  Code  Gb  main.o [1]
DOOR_Callback           0x2000'0004    0x4  Data  Lc  DOOR_SWITCH_LAMP.o [1]
DOOR_Callback                0x21c7   0x1a  Code  Gb  main.o [1]
DOOR_Init                    0x2057   0x6e  Code  Gb  DOOR_SWITCH_LAMP.o [1]
FaultISR                     0x27a3    0x2  Code  Lc  startup_ewarm.o [1]
GPIOF_Handler                0x20c5   0x74  Code  Gb  DOOR_SWITCH_LAMP.o [1]
IntDefaultHandler            0x27a5    0x2  Code  Lc  startup_ewarm.o [1]
LAMP_STATUS             0x2000'0015    0x1  Data  Gb  main.o [1]
LAMP_SWITCH             0x2000'0016    0x1  Data  Gb  main.o [1]
LAMP_UART               0x2000'0017    0x1  Data  Gb  main.o [1]
NmiSR                        0x27a1    0x2  Code  Lc  startup_ewarm.o [1]
Region$$Table$$Base          0x2778          --   Gb  - Linker created -
Region$$Table$$Limit         0x2788          --   Gb  - Linker created -
Relay_Control                0x263f    0xe  Code  Gb  RELAY.o [1]
Relay_Init                   0x2631    0xe  Code  Gb  RELAY.o [1]
ResetISR                     0x2789   0x14  Code  Gb  startup_ewarm.o [1]
SWITCH_LAMP_Callback    0x2000'0000    0x4  Data  Lc  DOOR_SWITCH_LAMP.o [1]
SWITCH_LAMP_Callback         0x21eb   0x18  Code  Gb  main.o [1]
SWITCH_LAMP_Init             0x1fe9   0x6e  Code  Gb  DOOR_SWITCH_LAMP.o [1]
SysTick_Callback        0x2000'0008    0x4  Data  Lc  SYS_TICK_program.o [1]
SysTick_Handler              0x26d1   0x12  Code  Gb  SYS_TICK_program.o [1]
SysTick_InitInterrupt        0x26b5   0x1c  Code  Gb  SYS_TICK_program.o [1]
UART0_Callback               0x21e1    0xa  Code  Gb  main.o [1]
UART0_Callback          0x2000'000c    0x4  Data  Lc  UART.o [1]
UART0_Handler                0x2587   0x26  Code  Gb  UART.o [1]
UART0_Init                   0x24ad   0xb4  Code  Gb  UART.o [1]
UART0_TransmitChar           0x2561   0x10  Code  Gb  UART.o [1]
UART0_TransmitString         0x2571   0x16  Code  Gb  UART.o [1]
_LitobFullNoMb                0xf89  0x10c  Code  Lc  xprintffull_nomb.o [2]
_PrintfFullNoMb               0x26d  0xcec  Code  Gb  xprintffull_nomb.o [2]
_PutcharFullNoMb             0x10ed   0x20  Code  Lc  xprintffull_nomb.o [2]
_PutcharsFullNoMb            0x110d   0x2e  Code  Lc  xprintffull_nomb.o [2]
_SProut                      0x1183    0xa  Code  Gb  xsprout.o [2]
__aeabi_cdcmple              0x135d         Code  Gb  DblCmpLe.o [3]
__aeabi_cdrcmple             0x1391         Code  Gb  DblCmpGe.o [3]
__aeabi_d2f                  0x264d         Code  Gb  DblToFlt.o [3]
__aeabi_d2iz                 0x1501         Code  Gb  DblToS32.o [3]
__aeabi_d2uiz                0x19f5         Code  Gb  DblToU32.o [3]
__aeabi_ddiv                 0x17ad         Code  Gb  DblDiv.o [3]
__aeabi_dmul                 0x1a35         Code  Gb  DblMul.o [3]
__aeabi_dsub                 0x16c9         Code  Gb  DblAddSub.o [3]
__aeabi_f2d                  0x2425         Code  Gb  FltToDbl.o [3]
__aeabi_i2d                  0x1539         Code  Gb  S32ToDbl.o [3]
__aeabi_ldiv0                0x1e19         Code  Gb  I64DivZer.o [4]
__aeabi_ui2d                 0x1a19         Code  Gb  U32ToDbl.o [3]
__aeabi_uldivmod             0x1be1         Code  Gb  I64DivMod.o [4]
__cmain                      0x27c5         Code  Gb  cmain.o [4]
__exit                       0x1e1d   0x14  Code  Gb  exit.o [5]
__iar_Fail_s                 0x11a5   0x1c  Code  Gb  xfail_s.o [2]
__iar_Memchr                 0x121d         Code  Gb  memchr.o [4]
__iar_Strchr                 0x118d         Code  Gb  strchr.o [4]
__iar_data_init3             0x272d   0x28  Code  Gb  data_init.o [4]
__iar_frexp                  0x12f9         Code  Gb  frexp.o [3]
__iar_frexpl                 0x12f9         Code  Gb  frexp.o [3]
__iar_init_vfp               0x2755         Code  Gb  fpinit_M.o [3]
__iar_ldexp64                0x13c5         Code  Gb  ldexp.o [3]
__iar_program_start          0x27a9         Code  Gb  cstartup_M.o [4]
__iar_scalbln64              0x13c5         Code  Gb  ldexp.o [3]
__iar_scalbn64               0x13c5         Code  Gb  ldexp.o [3]
__iar_softfp___iar_frexp64
                             0x12ed         Code  Gb  frexp.o [3]
__iar_softfp_frexp           0x12ed         Code  Gb  frexp.o [3]
__iar_softfp_frexpl          0x12ed         Code  Gb  frexp.o [3]
__iar_unaligned_memcpy       0x1275         Code  Gb  ABImemcpy_unaligned.o [4]
__iar_unaligned_memcpy4
                             0x1295         Code  Gb  ABImemcpy_unaligned.o [4]
__iar_unaligned_memcpy8
                             0x1295         Code  Gb  ABImemcpy_unaligned.o [4]
__iar_zero_init3             0x26f5   0x38  Code  Gb  zero_init3.o [4]
__low_level_init             0x27e3    0x4  Code  Gb  low_level_init.o [2]
__vector_table                  0x0  0x26c  Data  Gb  startup_ewarm.o [1]
_call_main                   0x27d1         Code  Gb  cmain.o [4]
_exit                        0x27ed         Code  Gb  cexit.o [4]
abort                        0x1e11    0x6  Code  Gb  abort.o [2]
ctz                          0x1e31   0x18  Code  Gb  DIO.o [1]
dio_init                     0x1e49   0xd8  Code  Gb  DIO.o [1]
dio_writepin                 0x1f21   0xa6  Code  Gb  DIO.o [1]
exit                         0x27e7    0x4  Code  Gb  exit.o [2]
ldexp                        0x13c5         Code  Gb  ldexp.o [3]
ldexpl                       0x13c5         Code  Gb  ldexp.o [3]
main                         0x2203   0xb2  Code  Gb  main.o [1]
memchr                       0x121d         Code  Gb  memchr.o [4]
pui32Stack              0x2000'0018  0x200  Data  Lc  startup_ewarm.o [1]
received_char           0x2000'0014    0x1  Data  Gb  main.o [1]
scalbln                      0x13c5         Code  Gb  ldexp.o [3]
scalblnl                     0x13c5         Code  Gb  ldexp.o [3]
scalbn                       0x13c5         Code  Gb  ldexp.o [3]
scalbnl                      0x13c5         Code  Gb  ldexp.o [3]
scale                        0x1095   0x46  Code  Lc  xprintffull_nomb.o [2]
sec_hand                0x2000'0010    0x4  Data  Lc  xfail_s.o [2]
sprintf                      0x246d   0x40  Code  Gb  sprintf.o [2]
strchr                       0x118d         Code  Gb  strchr.o [4]
strlen                       0x11e5         Code  Gb  strlen.o [4]


[1] = C:\Users\Asus\OneDrive - Faculty of Engineering Ain Shams University\Desktop\COURSES\Senior-1\Semester 7\CSE211 Intro to ES\ARM_Workspace\SmartHomeProject\Debug\Obj
[2] = dl7M_tln.a
[3] = m7M_tls.a
[4] = rt7M_tl.a
[5] = shb_l.a

  9'592 bytes of readonly  code memory
    648 bytes of readonly  data memory
    536 bytes of readwrite data memory

Errors: none
Warnings: none
