###############################################################################
#
# IAR ELF Linker V9.10.1.308/W64 for ARM                  16/Dec/2024  19:05:44
# Copyright 2007-2021 IAR Systems AB.
#
#    Output file  =
#        C:\Users\Asus\OneDrive - Faculty of Engineering Ain Shams
#        University\Desktop\COURSES\Senior-1\Semester 7\CSE211 Intro to
#        ES\ARM_Workspace\SmartHomeProject\Debug\Exe\SmartHomeProject.out
#    Map file     =
#        C:\Users\Asus\OneDrive - Faculty of Engineering Ain Shams
#        University\Desktop\COURSES\Senior-1\Semester 7\CSE211 Intro to
#        ES\ARM_Workspace\SmartHomeProject\Debug\List\SmartHomeProject.map
#    Command line =
#        -f "C:\Users\Asus\OneDrive - Faculty of Engineering Ain Shams
#        University\Desktop\COURSES\Senior-1\Semester 7\CSE211 Intro to
#        ES\ARM_Workspace\SmartHomeProject\Debug\Exe\SmartHomeProject.out.rsp"
#        ("C:\Users\Asus\OneDrive - Faculty of Engineering Ain Shams
#        University\Desktop\COURSES\Senior-1\Semester 7\CSE211 Intro to
#        ES\ARM_Workspace\SmartHomeProject\Debug\Obj\ADC.o"
#        "C:\Users\Asus\OneDrive - Faculty of Engineering Ain Shams
#        University\Desktop\COURSES\Senior-1\Semester 7\CSE211 Intro to
#        ES\ARM_Workspace\SmartHomeProject\Debug\Obj\BUZZER.o"
#        "C:\Users\Asus\OneDrive - Faculty of Engineering Ain Shams
#        University\Desktop\COURSES\Senior-1\Semester 7\CSE211 Intro to
#        ES\ARM_Workspace\SmartHomeProject\Debug\Obj\DIO.o"
#        "C:\Users\Asus\OneDrive - Faculty of Engineering Ain Shams
#        University\Desktop\COURSES\Senior-1\Semester 7\CSE211 Intro to
#        ES\ARM_Workspace\SmartHomeProject\Debug\Obj\DOOR_SWITCH_LAMP.o"
#        "C:\Users\Asus\OneDrive - Faculty of Engineering Ain Shams
#        University\Desktop\COURSES\Senior-1\Semester 7\CSE211 Intro to
#        ES\ARM_Workspace\SmartHomeProject\Debug\Obj\LED.o"
#        "C:\Users\Asus\OneDrive - Faculty of Engineering Ain Shams
#        University\Desktop\COURSES\Senior-1\Semester 7\CSE211 Intro to
#        ES\ARM_Workspace\SmartHomeProject\Debug\Obj\main.o"
#        "C:\Users\Asus\OneDrive - Faculty of Engineering Ain Shams
#        University\Desktop\COURSES\Senior-1\Semester 7\CSE211 Intro to
#        ES\ARM_Workspace\SmartHomeProject\Debug\Obj\RELAY.o"
#        "C:\Users\Asus\OneDrive - Faculty of Engineering Ain Shams
#        University\Desktop\COURSES\Senior-1\Semester 7\CSE211 Intro to
#        ES\ARM_Workspace\SmartHomeProject\Debug\Obj\startup_ewarm.o"
#        "C:\Users\Asus\OneDrive - Faculty of Engineering Ain Shams
#        University\Desktop\COURSES\Senior-1\Semester 7\CSE211 Intro to
#        ES\ARM_Workspace\SmartHomeProject\Debug\Obj\SYS_TICK_program.o"
#        "C:\Users\Asus\OneDrive - Faculty of Engineering Ain Shams
#        University\Desktop\COURSES\Senior-1\Semester 7\CSE211 Intro to
#        ES\ARM_Workspace\SmartHomeProject\Debug\Obj\UART.o" --no_out_extension
#        -o "C:\Users\Asus\OneDrive - Faculty of Engineering Ain Shams
#        University\Desktop\COURSES\Senior-1\Semester 7\CSE211 Intro to
#        ES\ARM_Workspace\SmartHomeProject\Debug\Exe\SmartHomeProject.out"
#        --redirect _Printf=_PrintfFullNoMb --redirect _Scanf=_ScanfFullNoMb
#        --map "C:\Users\Asus\OneDrive - Faculty of Engineering Ain Shams
#        University\Desktop\COURSES\Senior-1\Semester 7\CSE211 Intro to
#        ES\ARM_Workspace\SmartHomeProject\Debug\List\SmartHomeProject.map"
#        --config "C:\Program Files\IAR Systems\Embedded Workbench
#        9.0\arm\config\linker\TexasInstruments\TM4C123GH6.icf" --semihosting
#        C:\ti\TivaWare_C_Series-2.2.0.295\driverlib\ewarm\Exe\driverlib.a
#        --entry __iar_program_start --vfe --text_out locale)
#
###############################################################################

*******************************************************************************
*** RUNTIME MODEL ATTRIBUTES
***

CppFlavor       = *
__SystemLibrary = DLib
__dlib_version  = 6


*******************************************************************************
*** HEAP SELECTION
***

The basic heap was selected because no calls to memory allocation
functions were found in the application outside of system library
functions, and there are calls to deallocation functions in the
application.


*******************************************************************************
*** PLACEMENT SUMMARY
***

"A0":  place at address 0x0 { ro section .intvec };
"P1":  place in [from 0x0 to 0x3'ffff] { ro };
define block CSTACK with size = 4K, alignment = 8 { };
define block HEAP with size = 8K, alignment = 8 { };
"P2":  place in [from 0x2000'0000 to 0x2000'7fff] {
          rw, block CSTACK, block HEAP };
do not initialize { rw section .noinit };

  Section          Kind         Address   Size  Object
  -------          ----         -------   ----  ------
"A0":                                    0x26c
  .intvec          const            0x0  0x26c  startup_ewarm.o [1]
                                - 0x26c  0x26c

"P1":                                    0x254
  .text            ro code        0x26c   0x84  DOOR_SWITCH_LAMP.o [1]
  .text            ro code        0x2f0   0x6c  main.o [1]
  .text            ro code        0x35c   0x38  zero_init3.o [4]
  .text            ro code        0x394   0x34  UART.o [1]
  .text            ro code        0x3c8   0x28  data_init.o [4]
  .text            ro code        0x3f0   0x22  fpinit_M.o [3]
  .iar.init_table  const          0x414   0x10  - Linker created -
  .text            ro code        0x424   0x1e  startup_ewarm.o [1]
  .text            ro code        0x444   0x1c  cstartup_M.o [4]
  .text            ro code        0x460   0x1e  cmain.o [4]
  .text            ro code        0x47e    0x4  low_level_init.o [2]
  .text            ro code        0x482    0x4  exit.o [2]
  .text            ro code        0x488    0xa  cexit.o [4]
  .text            ro code        0x494   0x14  exit.o [5]
  .text            ro code        0x4a8   0x18  SYS_TICK_program.o [1]
  .rodata          const          0x4c0    0x0  zero_init3.o [4]
                                - 0x4c0  0x254

"P2", part 1 of 2:                        0x10
  .bss             zero     0x2000'0000    0x4  DOOR_SWITCH_LAMP.o [1]
  .bss             zero     0x2000'0004    0x4  DOOR_SWITCH_LAMP.o [1]
  .bss             zero     0x2000'0008    0x4  SYS_TICK_program.o [1]
  .bss             zero     0x2000'000c    0x4  UART.o [1]
                          - 0x2000'0010   0x10

"P2", part 2 of 2:                       0x200
  .noinit          uninit   0x2000'0010  0x200  startup_ewarm.o [1]
                          - 0x2000'0210  0x200

Unused ranges:

         From           To      Size
         ----           --      ----
        0x4c0     0x3'ffff  0x3'fb40
  0x2000'0210  0x2000'7fff    0x7df0


*******************************************************************************
*** INIT TABLE
***

          Address      Size
          -------      ----
Zero (__iar_zero_init3)
    1 destination range, total size 0x10:
          0x2000'0000  0x10



*******************************************************************************
*** MODULE SUMMARY
***

    Module              ro code  ro data  rw data
    ------              -------  -------  -------
command line/config:
    ---------------------------------------------
    Total:

C:\Users\Asus\OneDrive - Faculty of Engineering Ain Shams University\Desktop\COURSES\Senior-1\Semester 7\CSE211 Intro to ES\ARM_Workspace\SmartHomeProject\Debug\Obj: [1]
    DOOR_SWITCH_LAMP.o      132                 8
    SYS_TICK_program.o       24                 4
    UART.o                   52                 4
    main.o                  108
    startup_ewarm.o          30      620      512
    ---------------------------------------------
    Total:                  346      620      528

dl7M_tln.a: [2]
    exit.o                    4
    low_level_init.o          4
    ---------------------------------------------
    Total:                    8

m7M_tls.a: [3]
    fpinit_M.o               34
    ---------------------------------------------
    Total:                   34

rt7M_tl.a: [4]
    cexit.o                  10
    cmain.o                  30
    cstartup_M.o             28
    data_init.o              40
    zero_init3.o             56
    ---------------------------------------------
    Total:                  164

shb_l.a: [5]
    exit.o                   20
    ---------------------------------------------
    Total:                   20

    Gaps                      6        2
    Linker created                    16
-------------------------------------------------
    Grand Total:            578      638      528


*******************************************************************************
*** ENTRY LIST
***

Entry                       Address   Size  Type      Object
-----                       -------   ----  ----      ------
.iar.init_table$$Base         0x414          --   Gb  - Linker created -
.iar.init_table$$Limit        0x424          --   Gb  - Linker created -
?main                         0x461         Code  Gb  cmain.o [4]
DOOR_Callback           0x2000'0004    0x4  Data  Lc  DOOR_SWITCH_LAMP.o [1]
FaultISR                      0x43f    0x2  Code  Lc  startup_ewarm.o [1]
GPIOF_Handler                 0x26d   0x74  Code  Gb  DOOR_SWITCH_LAMP.o [1]
IntDefaultHandler             0x441    0x2  Code  Lc  startup_ewarm.o [1]
NmiSR                         0x43d    0x2  Code  Lc  startup_ewarm.o [1]
Region$$Table$$Base           0x414          --   Gb  - Linker created -
Region$$Table$$Limit          0x424          --   Gb  - Linker created -
ResetISR                      0x425   0x14  Code  Gb  startup_ewarm.o [1]
SWITCH_LAMP_Callback    0x2000'0000    0x4  Data  Lc  DOOR_SWITCH_LAMP.o [1]
SysTick_Callback        0x2000'0008    0x4  Data  Lc  SYS_TICK_program.o [1]
SysTick_Handler               0x4a9   0x12  Code  Gb  SYS_TICK_program.o [1]
UART0_Callback          0x2000'000c    0x4  Data  Lc  UART.o [1]
UART0_Handler                 0x395   0x26  Code  Gb  UART.o [1]
__cmain                       0x461         Code  Gb  cmain.o [4]
__exit                        0x495   0x14  Code  Gb  exit.o [5]
__iar_data_init3              0x3c9   0x28  Code  Gb  data_init.o [4]
__iar_init_vfp                0x3f1         Code  Gb  fpinit_M.o [3]
__iar_program_start           0x445         Code  Gb  cstartup_M.o [4]
__iar_zero_init3              0x35d   0x38  Code  Gb  zero_init3.o [4]
__low_level_init              0x47f    0x4  Code  Gb  low_level_init.o [2]
__vector_table                  0x0  0x26c  Data  Gb  startup_ewarm.o [1]
_call_main                    0x46d         Code  Gb  cmain.o [4]
_exit                         0x489         Code  Gb  cexit.o [4]
exit                          0x483    0x4  Code  Gb  exit.o [2]
main                          0x2f1   0x6c  Code  Gb  main.o [1]
pui32Stack              0x2000'0010  0x200  Data  Lc  startup_ewarm.o [1]


[1] = C:\Users\Asus\OneDrive - Faculty of Engineering Ain Shams University\Desktop\COURSES\Senior-1\Semester 7\CSE211 Intro to ES\ARM_Workspace\SmartHomeProject\Debug\Obj
[2] = dl7M_tln.a
[3] = m7M_tls.a
[4] = rt7M_tl.a
[5] = shb_l.a

  578 bytes of readonly  code memory
  638 bytes of readonly  data memory
  528 bytes of readwrite data memory

Errors: none
Warnings: none
