###############################################################################
#
# IAR ELF Linker V9.10.1.308/W64 for ARM                  18/Dec/2024  21:48:19
# Copyright 2007-2021 IAR Systems AB.
#
#    Output file  =
#        C:\Users\Asus\OneDrive - Faculty of Engineering Ain Shams
#        University\Desktop\COURSES\Senior-1\Semester 7\CSE211 Intro to
#        ES\ARM_Workspace\SmartHomeProject\Debug\Exe\SmartHomeProject.out
#    Map file     =
#        C:\Users\Asus\OneDrive - Faculty of Engineering Ain Shams
#        University\Desktop\COURSES\Senior-1\Semester 7\CSE211 Intro to
#        ES\ARM_Workspace\SmartHomeProject\Debug\List\SmartHomeProject.map
#    Command line =
#        -f "C:\Users\Asus\OneDrive - Faculty of Engineering Ain Shams
#        University\Desktop\COURSES\Senior-1\Semester 7\CSE211 Intro to
#        ES\ARM_Workspace\SmartHomeProject\Debug\Exe\SmartHomeProject.out.rsp"
#        ("C:\Users\Asus\OneDrive - Faculty of Engineering Ain Shams
#        University\Desktop\COURSES\Senior-1\Semester 7\CSE211 Intro to
#        ES\ARM_Workspace\SmartHomeProject\Debug\Obj\ADC.o"
#        "C:\Users\Asus\OneDrive - Faculty of Engineering Ain Shams
#        University\Desktop\COURSES\Senior-1\Semester 7\CSE211 Intro to
#        ES\ARM_Workspace\SmartHomeProject\Debug\Obj\BUZZER.o"
#        "C:\Users\Asus\OneDrive - Faculty of Engineering Ain Shams
#        University\Desktop\COURSES\Senior-1\Semester 7\CSE211 Intro to
#        ES\ARM_Workspace\SmartHomeProject\Debug\Obj\DIO.o"
#        "C:\Users\Asus\OneDrive - Faculty of Engineering Ain Shams
#        University\Desktop\COURSES\Senior-1\Semester 7\CSE211 Intro to
#        ES\ARM_Workspace\SmartHomeProject\Debug\Obj\DOOR_SWITCH_LAMP.o"
#        "C:\Users\Asus\OneDrive - Faculty of Engineering Ain Shams
#        University\Desktop\COURSES\Senior-1\Semester 7\CSE211 Intro to
#        ES\ARM_Workspace\SmartHomeProject\Debug\Obj\LED.o"
#        "C:\Users\Asus\OneDrive - Faculty of Engineering Ain Shams
#        University\Desktop\COURSES\Senior-1\Semester 7\CSE211 Intro to
#        ES\ARM_Workspace\SmartHomeProject\Debug\Obj\main.o"
#        "C:\Users\Asus\OneDrive - Faculty of Engineering Ain Shams
#        University\Desktop\COURSES\Senior-1\Semester 7\CSE211 Intro to
#        ES\ARM_Workspace\SmartHomeProject\Debug\Obj\RELAY.o"
#        "C:\Users\Asus\OneDrive - Faculty of Engineering Ain Shams
#        University\Desktop\COURSES\Senior-1\Semester 7\CSE211 Intro to
#        ES\ARM_Workspace\SmartHomeProject\Debug\Obj\startup_ewarm.o"
#        "C:\Users\Asus\OneDrive - Faculty of Engineering Ain Shams
#        University\Desktop\COURSES\Senior-1\Semester 7\CSE211 Intro to
#        ES\ARM_Workspace\SmartHomeProject\Debug\Obj\SYS_TICK_program.o"
#        "C:\Users\Asus\OneDrive - Faculty of Engineering Ain Shams
#        University\Desktop\COURSES\Senior-1\Semester 7\CSE211 Intro to
#        ES\ARM_Workspace\SmartHomeProject\Debug\Obj\UART.o" --no_out_extension
#        -o "C:\Users\Asus\OneDrive - Faculty of Engineering Ain Shams
#        University\Desktop\COURSES\Senior-1\Semester 7\CSE211 Intro to
#        ES\ARM_Workspace\SmartHomeProject\Debug\Exe\SmartHomeProject.out"
#        --redirect _Printf=_PrintfFullNoMb --redirect _Scanf=_ScanfFullNoMb
#        --map "C:\Users\Asus\OneDrive - Faculty of Engineering Ain Shams
#        University\Desktop\COURSES\Senior-1\Semester 7\CSE211 Intro to
#        ES\ARM_Workspace\SmartHomeProject\Debug\List\SmartHomeProject.map"
#        --config "C:\Program Files\IAR Systems\Embedded Workbench
#        9.0\arm\config\linker\TexasInstruments\TM4C123GH6.icf" --semihosting
#        C:\ti\TivaWare_C_Series-2.2.0.295\driverlib\ewarm\Exe\driverlib.a
#        --entry __iar_program_start --vfe --text_out locale)
#
###############################################################################

*******************************************************************************
*** RUNTIME MODEL ATTRIBUTES
***

CppFlavor       = *
__SystemLibrary = DLib
__dlib_version  = 6


*******************************************************************************
*** HEAP SELECTION
***

The basic heap was selected because no calls to memory allocation
functions were found in the application outside of system library
functions, and there are calls to deallocation functions in the
application.


*******************************************************************************
*** PLACEMENT SUMMARY
***

"A0":  place at address 0x0 { ro section .intvec };
"P1":  place in [from 0x0 to 0x3'ffff] { ro };
define block CSTACK with size = 4K, alignment = 8 { };
define block HEAP with size = 8K, alignment = 8 { };
"P2":  place in [from 0x2000'0000 to 0x2000'7fff] {
          rw, block CSTACK, block HEAP };
do not initialize { rw section .noinit };

  Section          Kind         Address   Size  Object
  -------          ----         -------   ----  ------
"A0":                                    0x26c
  .intvec          const            0x0  0x26c  startup_ewarm.o [1]
                                - 0x26c  0x26c

"P1":                                    0x88c
  .text            ro code        0x26c  0x1b8  DIO.o [1]
  .text            ro code        0x424  0x180  DOOR_SWITCH_LAMP.o [1]
  .text            ro code        0x5a4  0x178  main.o [1]
  .text            ro code        0x71c   0xdc  ADC.o [1]
  .text            ro code        0x7f8  0x150  UART.o [1]
  .text            ro code        0x948   0x34  BUZZER.o [1]
  .text            ro code        0x97c   0x1c  RELAY.o [1]
  .text            ro code        0x998   0x40  SYS_TICK_program.o [1]
  .text            ro code        0x9d8   0x38  zero_init3.o [4]
  .text            ro code        0xa10   0x28  data_init.o [4]
  .text            ro code        0xa38   0x22  fpinit_M.o [3]
  .iar.init_table  const          0xa5c   0x10  - Linker created -
  .text            ro code        0xa6c   0x1e  startup_ewarm.o [1]
  .text            ro code        0xa8c   0x1c  cstartup_M.o [4]
  .text            ro code        0xaa8   0x1e  cmain.o [4]
  .text            ro code        0xac6    0x4  low_level_init.o [2]
  .text            ro code        0xaca    0x4  exit.o [2]
  .text            ro code        0xad0    0xa  cexit.o [4]
  .text            ro code        0xadc   0x14  exit.o [5]
  .rodata          const          0xaf0    0x8  main.o [1]
  .rodata          const          0xaf8    0x0  zero_init3.o [4]
                                - 0xaf8  0x88c

"P2", part 1 of 2:                        0x18
  .bss             zero     0x2000'0000    0x4  DOOR_SWITCH_LAMP.o [1]
  .bss             zero     0x2000'0004    0x4  DOOR_SWITCH_LAMP.o [1]
  .bss             zero     0x2000'0008    0x4  SYS_TICK_program.o [1]
  .bss             zero     0x2000'000c    0x4  UART.o [1]
  .bss             zero     0x2000'0010    0x1  main.o [1]
  .bss             zero     0x2000'0011    0x1  main.o [1]
  .bss             zero     0x2000'0012    0x1  main.o [1]
  .bss             zero     0x2000'0013    0x1  main.o [1]
  .bss             zero     0x2000'0014    0x1  main.o [1]
                          - 0x2000'0015   0x15

"P2", part 2 of 2:                       0x200
  .noinit          uninit   0x2000'0018  0x200  startup_ewarm.o [1]
                          - 0x2000'0218  0x200

Unused ranges:

         From           To      Size
         ----           --      ----
        0xaf8     0x3'ffff  0x3'f508
  0x2000'0218  0x2000'7fff    0x7de8


*******************************************************************************
*** INIT TABLE
***

          Address      Size
          -------      ----
Zero (__iar_zero_init3)
    1 destination range, total size 0x15:
          0x2000'0000  0x15



*******************************************************************************
*** MODULE SUMMARY
***

    Module              ro code  ro data  rw data
    ------              -------  -------  -------
command line/config:
    ---------------------------------------------
    Total:

C:\Users\Asus\OneDrive - Faculty of Engineering Ain Shams University\Desktop\COURSES\Senior-1\Semester 7\CSE211 Intro to ES\ARM_Workspace\SmartHomeProject\Debug\Obj: [1]
    ADC.o                   220
    BUZZER.o                 52
    DIO.o                   440
    DOOR_SWITCH_LAMP.o      384                 8
    RELAY.o                  28
    SYS_TICK_program.o       64                 4
    UART.o                  336                 4
    main.o                  376        8        5
    startup_ewarm.o          30      620      512
    ---------------------------------------------
    Total:                1'930      628      533

dl7M_tln.a: [2]
    exit.o                    4
    low_level_init.o          4
    ---------------------------------------------
    Total:                    8

m7M_tls.a: [3]
    fpinit_M.o               34
    ---------------------------------------------
    Total:                   34

rt7M_tl.a: [4]
    cexit.o                  10
    cmain.o                  30
    cstartup_M.o             28
    data_init.o              40
    zero_init3.o             56
    ---------------------------------------------
    Total:                  164

shb_l.a: [5]
    exit.o                   20
    ---------------------------------------------
    Total:                   20

    Gaps                      6        2
    Linker created                    16
-------------------------------------------------
    Grand Total:          2'162      646      533


*******************************************************************************
*** ENTRY LIST
***

Entry                       Address   Size  Type      Object
-----                       -------   ----  ----      ------
.iar.init_table$$Base         0xa5c          --   Gb  - Linker created -
.iar.init_table$$Limit        0xa6c          --   Gb  - Linker created -
?main                         0xaa9         Code  Gb  cmain.o [4]
ADC1_Init                     0x71d   0x84  Code  Gb  ADC.o [1]
ADC1_ReadValue                0x7a1   0x20  Code  Gb  ADC.o [1]
BUZZER_Control                0x96d   0x10  Code  Gb  BUZZER.o [1]
BUZZER_Init                   0x949   0x1e  Code  Gb  BUZZER.o [1]
BUZZER_SYSTICK_Callback
                              0x5a5   0x5a  Code  Gb  main.o [1]
BUZZER_SYSTICK_Callback::counter
                        0x2000'0014    0x1  Data  Lc  main.o [1]
DOOR_Callback           0x2000'0004    0x4  Data  Lc  DOOR_SWITCH_LAMP.o [1]
DOOR_Callback                 0x5ff   0x1a  Code  Gb  main.o [1]
DOOR_Init                     0x493   0x6e  Code  Gb  DOOR_SWITCH_LAMP.o [1]
FaultISR                      0xa87    0x2  Code  Lc  startup_ewarm.o [1]
GPIOF_Handler                 0x501   0x74  Code  Gb  DOOR_SWITCH_LAMP.o [1]
IntDefaultHandler             0xa89    0x2  Code  Lc  startup_ewarm.o [1]
LAMP_STATUS             0x2000'0011    0x1  Data  Gb  main.o [1]
LAMP_SWITCH             0x2000'0012    0x1  Data  Gb  main.o [1]
LAMP_UART               0x2000'0013    0x1  Data  Gb  main.o [1]
NmiSR                         0xa85    0x2  Code  Lc  startup_ewarm.o [1]
Region$$Table$$Base           0xa5c          --   Gb  - Linker created -
Region$$Table$$Limit          0xa6c          --   Gb  - Linker created -
Relay_Control                 0x98b    0xe  Code  Gb  RELAY.o [1]
Relay_Init                    0x97d    0xe  Code  Gb  RELAY.o [1]
ResetISR                      0xa6d   0x14  Code  Gb  startup_ewarm.o [1]
SWITCH_LAMP_Callback    0x2000'0000    0x4  Data  Lc  DOOR_SWITCH_LAMP.o [1]
SWITCH_LAMP_Callback          0x623   0x18  Code  Gb  main.o [1]
SWITCH_LAMP_Init              0x425   0x6e  Code  Gb  DOOR_SWITCH_LAMP.o [1]
SysTick_Callback        0x2000'0008    0x4  Data  Lc  SYS_TICK_program.o [1]
SysTick_Handler               0x9b5   0x12  Code  Gb  SYS_TICK_program.o [1]
SysTick_InitInterrupt         0x999   0x1c  Code  Gb  SYS_TICK_program.o [1]
UART0_Callback                0x619    0xa  Code  Gb  main.o [1]
UART0_Callback          0x2000'000c    0x4  Data  Lc  UART.o [1]
UART0_Handler                 0x8d3   0x26  Code  Gb  UART.o [1]
UART0_Init                    0x7f9   0xb4  Code  Gb  UART.o [1]
UART0_TransmitChar            0x8ad   0x10  Code  Gb  UART.o [1]
UART0_TransmitString          0x8bd   0x16  Code  Gb  UART.o [1]
__cmain                       0xaa9         Code  Gb  cmain.o [4]
__exit                        0xadd   0x14  Code  Gb  exit.o [5]
__iar_data_init3              0xa11   0x28  Code  Gb  data_init.o [4]
__iar_init_vfp                0xa39         Code  Gb  fpinit_M.o [3]
__iar_program_start           0xa8d         Code  Gb  cstartup_M.o [4]
__iar_zero_init3              0x9d9   0x38  Code  Gb  zero_init3.o [4]
__low_level_init              0xac7    0x4  Code  Gb  low_level_init.o [2]
__vector_table                  0x0  0x26c  Data  Gb  startup_ewarm.o [1]
_call_main                    0xab5         Code  Gb  cmain.o [4]
_exit                         0xad1         Code  Gb  cexit.o [4]
ctz                           0x26d   0x18  Code  Gb  DIO.o [1]
dio_init                      0x285   0xd8  Code  Gb  DIO.o [1]
dio_writepin                  0x35d   0xa6  Code  Gb  DIO.o [1]
exit                          0xacb    0x4  Code  Gb  exit.o [2]
main                          0x63b   0xb2  Code  Gb  main.o [1]
pui32Stack              0x2000'0018  0x200  Data  Lc  startup_ewarm.o [1]
received_char           0x2000'0010    0x1  Data  Gb  main.o [1]


[1] = C:\Users\Asus\OneDrive - Faculty of Engineering Ain Shams University\Desktop\COURSES\Senior-1\Semester 7\CSE211 Intro to ES\ARM_Workspace\SmartHomeProject\Debug\Obj
[2] = dl7M_tln.a
[3] = m7M_tls.a
[4] = rt7M_tl.a
[5] = shb_l.a

  2'162 bytes of readonly  code memory
    646 bytes of readonly  data memory
    533 bytes of readwrite data memory

Errors: none
Warnings: none
