###############################################################################
#
# IAR ELF Linker V9.10.1.308/W64 for ARM                  11/Dec/2024  02:16:38
# Copyright 2007-2021 IAR Systems AB.
#
#    Output file  =
#        C:\Users\Asus\OneDrive - Faculty of Engineering Ain Shams
#        University\Desktop\COURSES\Senior-1\Semester 7\CSE211 Intro to
#        ES\ARM_Workspace\SmartHomeProject\Debug\Exe\SmartHomeProject.out
#    Map file     =
#        C:\Users\Asus\OneDrive - Faculty of Engineering Ain Shams
#        University\Desktop\COURSES\Senior-1\Semester 7\CSE211 Intro to
#        ES\ARM_Workspace\SmartHomeProject\Debug\List\SmartHomeProject.map
#    Command line =
#        -f "C:\Users\Asus\OneDrive - Faculty of Engineering Ain Shams
#        University\Desktop\COURSES\Senior-1\Semester 7\CSE211 Intro to
#        ES\ARM_Workspace\SmartHomeProject\Debug\Exe\SmartHomeProject.out.rsp"
#        ("C:\Users\Asus\OneDrive - Faculty of Engineering Ain Shams
#        University\Desktop\COURSES\Senior-1\Semester 7\CSE211 Intro to
#        ES\ARM_Workspace\SmartHomeProject\Debug\Obj\BUZZER.o"
#        "C:\Users\Asus\OneDrive - Faculty of Engineering Ain Shams
#        University\Desktop\COURSES\Senior-1\Semester 7\CSE211 Intro to
#        ES\ARM_Workspace\SmartHomeProject\Debug\Obj\DIO.o"
#        "C:\Users\Asus\OneDrive - Faculty of Engineering Ain Shams
#        University\Desktop\COURSES\Senior-1\Semester 7\CSE211 Intro to
#        ES\ARM_Workspace\SmartHomeProject\Debug\Obj\DOOR.o"
#        "C:\Users\Asus\OneDrive - Faculty of Engineering Ain Shams
#        University\Desktop\COURSES\Senior-1\Semester 7\CSE211 Intro to
#        ES\ARM_Workspace\SmartHomeProject\Debug\Obj\LED.o"
#        "C:\Users\Asus\OneDrive - Faculty of Engineering Ain Shams
#        University\Desktop\COURSES\Senior-1\Semester 7\CSE211 Intro to
#        ES\ARM_Workspace\SmartHomeProject\Debug\Obj\main.o"
#        "C:\Users\Asus\OneDrive - Faculty of Engineering Ain Shams
#        University\Desktop\COURSES\Senior-1\Semester 7\CSE211 Intro to
#        ES\ARM_Workspace\SmartHomeProject\Debug\Obj\RELAY.o"
#        "C:\Users\Asus\OneDrive - Faculty of Engineering Ain Shams
#        University\Desktop\COURSES\Senior-1\Semester 7\CSE211 Intro to
#        ES\ARM_Workspace\SmartHomeProject\Debug\Obj\startup_ewarm.o"
#        "C:\Users\Asus\OneDrive - Faculty of Engineering Ain Shams
#        University\Desktop\COURSES\Senior-1\Semester 7\CSE211 Intro to
#        ES\ARM_Workspace\SmartHomeProject\Debug\Obj\SWITCH.o"
#        "C:\Users\Asus\OneDrive - Faculty of Engineering Ain Shams
#        University\Desktop\COURSES\Senior-1\Semester 7\CSE211 Intro to
#        ES\ARM_Workspace\SmartHomeProject\Debug\Obj\SYS_TICK_program.o"
#        --no_out_extension -o "C:\Users\Asus\OneDrive - Faculty of Engineering
#        Ain Shams University\Desktop\COURSES\Senior-1\Semester 7\CSE211 Intro
#        to ES\ARM_Workspace\SmartHomeProject\Debug\Exe\SmartHomeProject.out"
#        --redirect _Printf=_PrintfFullNoMb --redirect _Scanf=_ScanfFullNoMb
#        --map "C:\Users\Asus\OneDrive - Faculty of Engineering Ain Shams
#        University\Desktop\COURSES\Senior-1\Semester 7\CSE211 Intro to
#        ES\ARM_Workspace\SmartHomeProject\Debug\List\SmartHomeProject.map"
#        --config "C:\Program Files\IAR Systems\Embedded Workbench
#        9.0\arm\config\linker\TexasInstruments\TM4C123GH6.icf" --semihosting
#        C:\ti\TivaWare_C_Series-2.2.0.295\driverlib\ewarm\Exe\driverlib.a
#        --entry __iar_program_start --vfe --text_out locale)
#
###############################################################################

*******************************************************************************
*** RUNTIME MODEL ATTRIBUTES
***

CppFlavor       = *
__SystemLibrary = DLib
__dlib_version  = 6


*******************************************************************************
*** HEAP SELECTION
***

The basic heap was selected because no calls to memory allocation
functions were found in the application outside of system library
functions, and there are calls to deallocation functions in the
application.


*******************************************************************************
*** PLACEMENT SUMMARY
***

"A0":  place at address 0x0 { ro section .intvec };
"P1":  place in [from 0x0 to 0x3'ffff] { ro };
define block CSTACK with size = 4K, alignment = 8 { };
define block HEAP with size = 8K, alignment = 8 { };
"P2":  place in [from 0x2000'0000 to 0x2000'7fff] {
          rw, block CSTACK, block HEAP };
do not initialize { rw section .noinit };

  Section          Kind         Address   Size  Object
  -------          ----         -------   ----  ------
"A0":                                    0x26c
  .intvec          const            0x0  0x26c  startup_ewarm.o [1]
                                - 0x26c  0x26c

"P1":                                    0x3b4
  .text            ro code        0x26c  0x16c  DIO.o [1]
  .text            ro code        0x3d8   0x94  DOOR.o [1]
  .text            ro code        0x46c   0x4c  LED.o [1]
  .text            ro code        0x4b8   0x38  main.o [1]
  .text            ro code        0x4f0   0x38  zero_init3.o [4]
  .text            ro code        0x528   0x28  data_init.o [4]
  .text            ro code        0x550   0x22  fpinit_M.o [3]
  .iar.init_table  const          0x574   0x10  - Linker created -
  .text            ro code        0x584   0x1e  startup_ewarm.o [1]
  .text            ro code        0x5a4   0x1c  cstartup_M.o [4]
  .text            ro code        0x5c0   0x1e  cmain.o [4]
  .text            ro code        0x5de    0x4  low_level_init.o [2]
  .text            ro code        0x5e2    0x4  exit.o [2]
  .text            ro code        0x5e8    0xa  cexit.o [4]
  .text            ro code        0x5f4   0x14  exit.o [5]
  .text            ro code        0x608   0x18  SYS_TICK_program.o [1]
  .rodata          const          0x620    0x0  zero_init3.o [4]
                                - 0x620  0x3b4

"P2", part 1 of 2:                         0x8
  .bss             zero     0x2000'0000    0x4  DOOR.o [1]
  .bss             zero     0x2000'0004    0x4  SYS_TICK_program.o [1]
                          - 0x2000'0008    0x8

"P2", part 2 of 2:                       0x200
  .noinit          uninit   0x2000'0008  0x200  startup_ewarm.o [1]
                          - 0x2000'0208  0x200

Unused ranges:

         From           To      Size
         ----           --      ----
        0x620     0x3'ffff  0x3'f9e0
  0x2000'0208  0x2000'7fff    0x7df8


*******************************************************************************
*** INIT TABLE
***

          Address      Size
          -------      ----
Zero (__iar_zero_init3)
    1 destination range, total size 0x8:
          0x2000'0000   0x8



*******************************************************************************
*** MODULE SUMMARY
***

    Module              ro code  ro data  rw data
    ------              -------  -------  -------
command line/config:
    ---------------------------------------------
    Total:

C:\Users\Asus\OneDrive - Faculty of Engineering Ain Shams University\Desktop\COURSES\Senior-1\Semester 7\CSE211 Intro to ES\ARM_Workspace\SmartHomeProject\Debug\Obj: [1]
    DIO.o                   364
    DOOR.o                  148                 4
    LED.o                    76
    SYS_TICK_program.o       24                 4
    main.o                   56
    startup_ewarm.o          30      620      512
    ---------------------------------------------
    Total:                  698      620      520

dl7M_tln.a: [2]
    exit.o                    4
    low_level_init.o          4
    ---------------------------------------------
    Total:                    8

m7M_tls.a: [3]
    fpinit_M.o               34
    ---------------------------------------------
    Total:                   34

rt7M_tl.a: [4]
    cexit.o                  10
    cmain.o                  30
    cstartup_M.o             28
    data_init.o              40
    zero_init3.o             56
    ---------------------------------------------
    Total:                  164

shb_l.a: [5]
    exit.o                   20
    ---------------------------------------------
    Total:                   20

    Gaps                      6        2
    Linker created                    16
-------------------------------------------------
    Grand Total:            930      638      520


*******************************************************************************
*** ENTRY LIST
***

Entry                       Address   Size  Type      Object
-----                       -------   ----  ----      ------
.iar.init_table$$Base         0x574          --   Gb  - Linker created -
.iar.init_table$$Limit        0x584          --   Gb  - Linker created -
?main                         0x5c1         Code  Gb  cmain.o [4]
DOOR_Callback           0x2000'0000    0x4  Data  Lc  DOOR.o [1]
DOOR_Callback                 0x4b9   0x1e  Code  Gb  main.o [1]
DOOR_Init                     0x3d9   0x50  Code  Gb  DOOR.o [1]
FaultISR                      0x59f    0x2  Code  Lc  startup_ewarm.o [1]
GPIOF_Handler                 0x429   0x26  Code  Gb  DOOR.o [1]
IntDefaultHandler             0x5a1    0x2  Code  Lc  startup_ewarm.o [1]
LED_Init                      0x46d    0xe  Code  Gb  LED.o [1]
LED_Off                       0x499   0x20  Code  Gb  LED.o [1]
LED_On                        0x47b   0x1e  Code  Gb  LED.o [1]
NmiSR                         0x59d    0x2  Code  Lc  startup_ewarm.o [1]
Region$$Table$$Base           0x574          --   Gb  - Linker created -
Region$$Table$$Limit          0x584          --   Gb  - Linker created -
ResetISR                      0x585   0x14  Code  Gb  startup_ewarm.o [1]
SysTick_Callback        0x2000'0004    0x4  Data  Lc  SYS_TICK_program.o [1]
SysTick_Handler               0x609   0x12  Code  Gb  SYS_TICK_program.o [1]
__cmain                       0x5c1         Code  Gb  cmain.o [4]
__exit                        0x5f5   0x14  Code  Gb  exit.o [5]
__iar_data_init3              0x529   0x28  Code  Gb  data_init.o [4]
__iar_init_vfp                0x551         Code  Gb  fpinit_M.o [3]
__iar_program_start           0x5a5         Code  Gb  cstartup_M.o [4]
__iar_zero_init3              0x4f1   0x38  Code  Gb  zero_init3.o [4]
__low_level_init              0x5df    0x4  Code  Gb  low_level_init.o [2]
__vector_table                  0x0  0x26c  Data  Gb  startup_ewarm.o [1]
_call_main                    0x5cd         Code  Gb  cmain.o [4]
_exit                         0x5e9         Code  Gb  cexit.o [4]
dio_init                      0x26d   0xce  Code  Gb  DIO.o [1]
dio_readport                  0x33b   0x42  Code  Gb  DIO.o [1]
dio_writeport                 0x37d   0x40  Code  Gb  DIO.o [1]
exit                          0x5e3    0x4  Code  Gb  exit.o [2]
main                          0x4d7   0x12  Code  Gb  main.o [1]
pui32Stack              0x2000'0008  0x200  Data  Lc  startup_ewarm.o [1]


[1] = C:\Users\Asus\OneDrive - Faculty of Engineering Ain Shams University\Desktop\COURSES\Senior-1\Semester 7\CSE211 Intro to ES\ARM_Workspace\SmartHomeProject\Debug\Obj
[2] = dl7M_tln.a
[3] = m7M_tls.a
[4] = rt7M_tl.a
[5] = shb_l.a

  930 bytes of readonly  code memory
  638 bytes of readonly  data memory
  520 bytes of readwrite data memory

Errors: none
Warnings: none
